// Jest Snapshot v1, https://goo.gl/fbAQLP

exports[`ProducTitle Should display the component correctly with the title sent 1`] = `
<span
  className="productDescription custom-class"
>
  custom product
</span>
`;

exports[`ProducTitle should display the component with the name of the product 1`] = `
<div
  className="productCard undefined"
>
  <span
    className="productDescription undefined"
  >
    Coffee Mug - sin imagen
  </span>
</div>
`;
